src/common/authentication/authentication.service.ts(169,7): error TS2322: Type 'string' is not assignable to type 'number | StringValue'.
src/common/pagination/pagination.service.ts(82,5): error TS2322: Type '{ [x: string]: unknown; }[]' is not assignable to type 'TData[]'.
  Type '{ [x: string]: unknown; }' is not assignable to type 'TData'.
    'TData' could be instantiated with an arbitrary type which could be unrelated to '{ [x: string]: unknown; }'.
src/entities/universe/universe.controller.ts(24,49): error TS2345: Argument of type 'BuildSchema<"insert", { id: PgColumn<{ name: "id"; tableName: "universes"; dataType: "string"; columnType: "PgUUID"; data: string; driverParam: string; notNull: true; hasDefault: true; isPrimaryKey: true; isAutoincrement: false; ... 4 more ...; generated: undefined; }, {}, {}>; ... 4 more ...; updatedAt: PgColumn<.....' is not assignable to parameter of type 'ValidationSchema<{ name: string; userId: string; id?: string | undefined; description?: string | null | undefined; createdAt?: Date | undefined; updatedAt?: Date | undefined; }>'.
  The types returned by 'safeParse(...)' are incompatible between these types.
    Type 'ZodSafeParseResult<{ name: string; userId: string; id?: string | undefined; description?: string | null | undefined; createdAt?: Date | undefined; updatedAt?: Date | undefined; }>' is not assignable to type '{ success: false; error: ZodError<any>; } | { success: true; data: { name: string; userId: string; id?: string | undefined; description?: string | null | undefined; createdAt?: Date | undefined; updatedAt?: Date | undefined; }; }'.
      Type 'ZodSafeParseError<{ name: string; userId: string; id?: string | undefined; description?: string | null | undefined; createdAt?: Date | undefined; updatedAt?: Date | undefined; }>' is not assignable to type '{ success: false; error: ZodError<any>; } | { success: true; data: { name: string; userId: string; id?: string | undefined; description?: string | null | undefined; createdAt?: Date | undefined; updatedAt?: Date | undefined; }; }'.
        Type 'ZodSafeParseError<{ name: string; userId: string; id?: string | undefined; description?: string | null | undefined; createdAt?: Date | undefined; updatedAt?: Date | undefined; }>' is not assignable to type '{ success: false; error: ZodError<any>; }'.
          Types of property 'error' are incompatible.
            Type 'ZodError<{ name: string; userId: string; id?: string | undefined; description?: string | null | undefined; createdAt?: Date | undefined; updatedAt?: Date | undefined; }>' is missing the following properties from type 'ZodError<any>': errors, formErrors
src/entities/universe/universe.controller.ts(91,49): error TS2345: Argument of type 'BuildSchema<"update", { id: PgColumn<{ name: "id"; tableName: "universes"; dataType: "string"; columnType: "PgUUID"; data: string; driverParam: string; notNull: true; hasDefault: true; isPrimaryKey: true; isAutoincrement: false; ... 4 more ...; generated: undefined; }, {}, {}>; ... 4 more ...; updatedAt: PgColumn<.....' is not assignable to parameter of type 'ValidationSchema<{ id?: string | undefined; name?: string | undefined; description?: string | null | undefined; userId?: string | undefined; createdAt?: Date | undefined; updatedAt?: Date | undefined; }>'.
  The types returned by 'safeParse(...)' are incompatible between these types.
    Type 'ZodSafeParseResult<{ id?: string | undefined; name?: string | undefined; description?: string | null | undefined; userId?: string | undefined; createdAt?: Date | undefined; updatedAt?: Date | undefined; }>' is not assignable to type '{ success: false; error: ZodError<any>; } | { success: true; data: { id?: string | undefined; name?: string | undefined; description?: string | null | undefined; userId?: string | undefined; createdAt?: Date | undefined; updatedAt?: Date | undefined; }; }'.
      Type 'ZodSafeParseError<{ id?: string | undefined; name?: string | undefined; description?: string | null | undefined; userId?: string | undefined; createdAt?: Date | undefined; updatedAt?: Date | undefined; }>' is not assignable to type '{ success: false; error: ZodError<any>; } | { success: true; data: { id?: string | undefined; name?: string | undefined; description?: string | null | undefined; userId?: string | undefined; createdAt?: Date | undefined; updatedAt?: Date | undefined; }; }'.
        Type 'ZodSafeParseError<{ id?: string | undefined; name?: string | undefined; description?: string | null | undefined; userId?: string | undefined; createdAt?: Date | undefined; updatedAt?: Date | undefined; }>' is not assignable to type '{ success: false; error: ZodError<any>; }'.
          Types of property 'error' are incompatible.
            Type 'ZodError<{ id?: string | undefined; name?: string | undefined; description?: string | null | undefined; userId?: string | undefined; createdAt?: Date | undefined; updatedAt?: Date | undefined; }>' is missing the following properties from type 'ZodError<any>': errors, formErrors
src/entities/universe/universe.repository.ts(18,3): error TS6196: 'UpdateUniverse' is declared but never used.
src/entities/universe/universe.service.ts(51,61): error TS2379: Argument of type 'UpdateUniverse' is not assignable to parameter of type 'Partial<CreateUniverse> & Record<string, unknown>' with 'exactOptionalPropertyTypes: true'. Consider adding 'undefined' to the types of the target's properties.
  Type 'UpdateUniverse' is not assignable to type 'Partial<CreateUniverse>' with 'exactOptionalPropertyTypes: true'. Consider adding 'undefined' to the types of the target's properties.
    Types of property 'name' are incompatible.
      Type 'string | null | undefined' is not assignable to type 'string'.
        Type 'undefined' is not assignable to type 'string'.
src/entities/user/user.controller.ts(25,49): error TS2345: Argument of type 'BuildSchema<"insert", { id: PgColumn<{ name: "id"; tableName: "users"; dataType: "string"; columnType: "PgUUID"; data: string; driverParam: string; notNull: true; hasDefault: true; isPrimaryKey: true; isAutoincrement: false; ... 4 more ...; generated: undefined; }, {}, {}>; ... 6 more ...; lastLoginAt: PgColumn<...>...' is not assignable to parameter of type 'ValidationSchema<{ email: string; firstName: string; lastName: string; password: string; id?: string | undefined; createdAt?: Date | null | undefined; updatedAt?: Date | null | undefined; lastLoginAt?: Date | ... 1 more ... | undefined; }>'.
  The types returned by 'safeParse(...)' are incompatible between these types.
    Type 'ZodSafeParseResult<{ email: string; firstName: string; lastName: string; password: string; id?: string | undefined; createdAt?: Date | null | undefined; updatedAt?: Date | null | undefined; lastLoginAt?: Date | ... 1 more ... | undefined; }>' is not assignable to type '{ success: false; error: ZodError<any>; } | { success: true; data: { email: string; firstName: string; lastName: string; password: string; id?: string | undefined; createdAt?: Date | null | undefined; updatedAt?: Date | ... 1 more ... | undefined; lastLoginAt?: Date | ... 1 more ... | undefined; }; }'.
      Type 'ZodSafeParseError<{ email: string; firstName: string; lastName: string; password: string; id?: string | undefined; createdAt?: Date | null | undefined; updatedAt?: Date | null | undefined; lastLoginAt?: Date | ... 1 more ... | undefined; }>' is not assignable to type '{ success: false; error: ZodError<any>; } | { success: true; data: { email: string; firstName: string; lastName: string; password: string; id?: string | undefined; createdAt?: Date | null | undefined; updatedAt?: Date | ... 1 more ... | undefined; lastLoginAt?: Date | ... 1 more ... | undefined; }; }'.
        Type 'ZodSafeParseError<{ email: string; firstName: string; lastName: string; password: string; id?: string | undefined; createdAt?: Date | null | undefined; updatedAt?: Date | null | undefined; lastLoginAt?: Date | ... 1 more ... | undefined; }>' is not assignable to type '{ success: false; error: ZodError<any>; }'.
          Types of property 'error' are incompatible.
            Type 'ZodError<{ email: string; firstName: string; lastName: string; password: string; id?: string | undefined; createdAt?: Date | null | undefined; updatedAt?: Date | null | undefined; lastLoginAt?: Date | ... 1 more ... | undefined; }>' is missing the following properties from type 'ZodError<any>': errors, formErrors
src/entities/user/user.controller.ts(78,51): error TS2345: Argument of type 'BuildSchema<"update", { id: PgColumn<{ name: "id"; tableName: "users"; dataType: "string"; columnType: "PgUUID"; data: string; driverParam: string; notNull: true; hasDefault: true; isPrimaryKey: true; isAutoincrement: false; ... 4 more ...; generated: undefined; }, {}, {}>; ... 6 more ...; lastLoginAt: PgColumn<...>...' is not assignable to parameter of type 'ValidationSchema<{ id?: string | undefined; email?: string | undefined; firstName?: string | undefined; lastName?: string | undefined; password?: string | undefined; createdAt?: Date | null | undefined; updatedAt?: Date | ... 1 more ... | undefined; lastLoginAt?: Date | ... 1 more ... | undefined; }>'.
  The types returned by 'safeParse(...)' are incompatible between these types.
    Type 'ZodSafeParseResult<{ id?: string | undefined; email?: string | undefined; firstName?: string | undefined; lastName?: string | undefined; password?: string | undefined; createdAt?: Date | null | undefined; updatedAt?: Date | ... 1 more ... | undefined; lastLoginAt?: Date | ... 1 more ... | undefined; }>' is not assignable to type '{ success: false; error: ZodError<any>; } | { success: true; data: { id?: string | undefined; email?: string | undefined; firstName?: string | undefined; lastName?: string | undefined; password?: string | undefined; createdAt?: Date | ... 1 more ... | undefined; updatedAt?: Date | ... 1 more ... | undefined; lastLog...'.
      Type 'ZodSafeParseError<{ id?: string | undefined; email?: string | undefined; firstName?: string | undefined; lastName?: string | undefined; password?: string | undefined; createdAt?: Date | null | undefined; updatedAt?: Date | ... 1 more ... | undefined; lastLoginAt?: Date | ... 1 more ... | undefined; }>' is not assignable to type '{ success: false; error: ZodError<any>; } | { success: true; data: { id?: string | undefined; email?: string | undefined; firstName?: string | undefined; lastName?: string | undefined; password?: string | undefined; createdAt?: Date | ... 1 more ... | undefined; updatedAt?: Date | ... 1 more ... | undefined; lastLog...'.
        Type 'ZodSafeParseError<{ id?: string | undefined; email?: string | undefined; firstName?: string | undefined; lastName?: string | undefined; password?: string | undefined; createdAt?: Date | null | undefined; updatedAt?: Date | ... 1 more ... | undefined; lastLoginAt?: Date | ... 1 more ... | undefined; }>' is not assignable to type '{ success: false; error: ZodError<any>; }'.
          Types of property 'error' are incompatible.
            Type 'ZodError<{ id?: string | undefined; email?: string | undefined; firstName?: string | undefined; lastName?: string | undefined; password?: string | undefined; createdAt?: Date | null | undefined; updatedAt?: Date | ... 1 more ... | undefined; lastLoginAt?: Date | ... 1 more ... | undefined; }>' is missing the following properties from type 'ZodError<any>': errors, formErrors
src/entities/user/user.controller.ts(80,60): error TS2379: Argument of type '{ id?: string | undefined; email?: string | undefined; firstName?: string | undefined; lastName?: string | undefined; password?: string | undefined; createdAt?: Date | null | undefined; updatedAt?: Date | ... 1 more ... | undefined; lastLoginAt?: Date | ... 1 more ... | undefined; }' is not assignable to parameter of type 'Partial<{ email: string; firstName: string; lastName: string; password: string; id?: string | undefined; createdAt?: Date | null | undefined; updatedAt?: Date | null | undefined; lastLoginAt?: Date | ... 1 more ... | undefined; }>' with 'exactOptionalPropertyTypes: true'. Consider adding 'undefined' to the types of the target's properties.
  Types of property 'email' are incompatible.
    Type 'string | undefined' is not assignable to type 'string'.
      Type 'undefined' is not assignable to type 'string'.
src/entities/user/user.repository.ts(10,3): error TS6196: 'UpdateUser' is declared but never used.
src/entities/user/user.types.ts(4,3): error TS6196: 'createUserSchema' is declared but never used.
src/entities/user/user.types.ts(5,3): error TS6196: 'updateUserSchema' is declared but never used.
